// Jest Snapshot v1, https://goo.gl/fbAQLP

exports[`should run Expense Dashboard page 1`] = `
<div>
  <Connect(ExpenseList) />
  <Connect(ExpensesSumary) />
  <Connect(ExpenseListFilters) />
</div>
`;
